
> ai-study-buddy@0.1.0 build
> next build --webpack

▲ Next.js 16.1.6 (webpack)
- Environments: .env.local
- Experiments (use with caution):
  · optimizePackageImports

  Creating an optimized production build ...
✓ (serwist) Bundling the service worker script with the URL '/sw.js' and the scope '/'...
✓ Compiled successfully in 13.5s
  Running TypeScript ...
  Collecting page data using 3 workers ...
Error: Cannot find module 'cheerio'
    at e (C:\Users\Unknown\Downloads\ai-study-buddy\.next\server\app\api\audio\route.js:1:7135)
    at <unknown> (C:\Users\Unknown\Downloads\ai-study-buddy\.next\server\app\api\audio\route.js:1:7271)
    at a.exports.1../util.js (C:\Users\Unknown\Downloads\ai-study-buddy\.next\server\app\api\audio\route.js:1:7655)
    at e (C:\Users\Unknown\Downloads\ai-study-buddy\.next\server\app\api\audio\route.js:1:7237)
    at a (C:\Users\Unknown\Downloads\ai-study-buddy\.next\server\app\api\audio\route.js:1:7366)
    at 8363 (C:\Users\Unknown\Downloads\ai-study-buddy\.next\server\app\api\audio\route.js:1:7384)
    at g (C:\Users\Unknown\Downloads\ai-study-buddy\.next\server\webpack-runtime.js:1:135)
    at 8147 (C:\Users\Unknown\Downloads\ai-study-buddy\.next\server\app\api\audio\route.js:1:1034)
    at g (C:\Users\Unknown\Downloads\ai-study-buddy\.next\server\webpack-runtime.js:1:135)
    at <unknown> (C:\Users\Unknown\Downloads\ai-study-buddy\.next\server\app\api\audio\route.js:1:27847) {
  code: 'MODULE_NOT_FOUND'
}

> Build error occurred
Error: Failed to collect page data for /api/audio
    at ignore-listed frames {
  type: 'Error'
}
